Archive member included to satisfy reference by file (symbol)

C:/ST/STM32CubeIDE_1.14.1/STM32CubeIDE/plugins/com.st.stm32cube.ide.mcu.externaltools.gnu-tools-for-stm32.11.3.rel1.win32_1.1.100.202309141235/tools/bin/../lib/gcc/arm-none-eabi/11.3.1/../../../../arm-none-eabi/lib/thumb/v6-m/nofp\libc_nano.a(libc_a-exit.o)
                              C:/ST/STM32CubeIDE_1.14.1/STM32CubeIDE/plugins/com.st.stm32cube.ide.mcu.externaltools.gnu-tools-for-stm32.11.3.rel1.win32_1.1.100.202309141235/tools/bin/../lib/gcc/arm-none-eabi/11.3.1/../../../../arm-none-eabi/lib/thumb/v6-m/nofp/crt0.o (exit)
C:/ST/STM32CubeIDE_1.14.1/STM32CubeIDE/plugins/com.st.stm32cube.ide.mcu.externaltools.gnu-tools-for-stm32.11.3.rel1.win32_1.1.100.202309141235/tools/bin/../lib/gcc/arm-none-eabi/11.3.1/../../../../arm-none-eabi/lib/thumb/v6-m/nofp\libc_nano.a(libc_a-findfp.o)
                              C:/ST/STM32CubeIDE_1.14.1/STM32CubeIDE/plugins/com.st.stm32cube.ide.mcu.externaltools.gnu-tools-for-stm32.11.3.rel1.win32_1.1.100.202309141235/tools/bin/../lib/gcc/arm-none-eabi/11.3.1/../../../../arm-none-eabi/lib/thumb/v6-m/nofp\libc_nano.a(libc_a-exit.o) (__stdio_exit_handler)
C:/ST/STM32CubeIDE_1.14.1/STM32CubeIDE/plugins/com.st.stm32cube.ide.mcu.externaltools.gnu-tools-for-stm32.11.3.rel1.win32_1.1.100.202309141235/tools/bin/../lib/gcc/arm-none-eabi/11.3.1/../../../../arm-none-eabi/lib/thumb/v6-m/nofp\libc_nano.a(libc_a-fwalk.o)
                              C:/ST/STM32CubeIDE_1.14.1/STM32CubeIDE/plugins/com.st.stm32cube.ide.mcu.externaltools.gnu-tools-for-stm32.11.3.rel1.win32_1.1.100.202309141235/tools/bin/../lib/gcc/arm-none-eabi/11.3.1/../../../../arm-none-eabi/lib/thumb/v6-m/nofp\libc_nano.a(libc_a-findfp.o) (_fwalk_sglue)
C:/ST/STM32CubeIDE_1.14.1/STM32CubeIDE/plugins/com.st.stm32cube.ide.mcu.externaltools.gnu-tools-for-stm32.11.3.rel1.win32_1.1.100.202309141235/tools/bin/../lib/gcc/arm-none-eabi/11.3.1/../../../../arm-none-eabi/lib/thumb/v6-m/nofp\libc_nano.a(libc_a-stdio.o)
                              C:/ST/STM32CubeIDE_1.14.1/STM32CubeIDE/plugins/com.st.stm32cube.ide.mcu.externaltools.gnu-tools-for-stm32.11.3.rel1.win32_1.1.100.202309141235/tools/bin/../lib/gcc/arm-none-eabi/11.3.1/../../../../arm-none-eabi/lib/thumb/v6-m/nofp\libc_nano.a(libc_a-findfp.o) (__sread)
C:/ST/STM32CubeIDE_1.14.1/STM32CubeIDE/plugins/com.st.stm32cube.ide.mcu.externaltools.gnu-tools-for-stm32.11.3.rel1.win32_1.1.100.202309141235/tools/bin/../lib/gcc/arm-none-eabi/11.3.1/../../../../arm-none-eabi/lib/thumb/v6-m/nofp\libc_nano.a(libc_a-memset.o)
                              C:/ST/STM32CubeIDE_1.14.1/STM32CubeIDE/plugins/com.st.stm32cube.ide.mcu.externaltools.gnu-tools-for-stm32.11.3.rel1.win32_1.1.100.202309141235/tools/bin/../lib/gcc/arm-none-eabi/11.3.1/../../../../arm-none-eabi/lib/thumb/v6-m/nofp/crt0.o (memset)
C:/ST/STM32CubeIDE_1.14.1/STM32CubeIDE/plugins/com.st.stm32cube.ide.mcu.externaltools.gnu-tools-for-stm32.11.3.rel1.win32_1.1.100.202309141235/tools/bin/../lib/gcc/arm-none-eabi/11.3.1/../../../../arm-none-eabi/lib/thumb/v6-m/nofp\libc_nano.a(libc_a-closer.o)
                              C:/ST/STM32CubeIDE_1.14.1/STM32CubeIDE/plugins/com.st.stm32cube.ide.mcu.externaltools.gnu-tools-for-stm32.11.3.rel1.win32_1.1.100.202309141235/tools/bin/../lib/gcc/arm-none-eabi/11.3.1/../../../../arm-none-eabi/lib/thumb/v6-m/nofp\libc_nano.a(libc_a-stdio.o) (_close_r)
C:/ST/STM32CubeIDE_1.14.1/STM32CubeIDE/plugins/com.st.stm32cube.ide.mcu.externaltools.gnu-tools-for-stm32.11.3.rel1.win32_1.1.100.202309141235/tools/bin/../lib/gcc/arm-none-eabi/11.3.1/../../../../arm-none-eabi/lib/thumb/v6-m/nofp\libc_nano.a(libc_a-reent.o)
                              C:/ST/STM32CubeIDE_1.14.1/STM32CubeIDE/plugins/com.st.stm32cube.ide.mcu.externaltools.gnu-tools-for-stm32.11.3.rel1.win32_1.1.100.202309141235/tools/bin/../lib/gcc/arm-none-eabi/11.3.1/../../../../arm-none-eabi/lib/thumb/v6-m/nofp\libc_nano.a(libc_a-closer.o) (errno)
C:/ST/STM32CubeIDE_1.14.1/STM32CubeIDE/plugins/com.st.stm32cube.ide.mcu.externaltools.gnu-tools-for-stm32.11.3.rel1.win32_1.1.100.202309141235/tools/bin/../lib/gcc/arm-none-eabi/11.3.1/../../../../arm-none-eabi/lib/thumb/v6-m/nofp\libc_nano.a(libc_a-impure.o)
                              C:/ST/STM32CubeIDE_1.14.1/STM32CubeIDE/plugins/com.st.stm32cube.ide.mcu.externaltools.gnu-tools-for-stm32.11.3.rel1.win32_1.1.100.202309141235/tools/bin/../lib/gcc/arm-none-eabi/11.3.1/../../../../arm-none-eabi/lib/thumb/v6-m/nofp\libc_nano.a(libc_a-reent.o) (_impure_ptr)
C:/ST/STM32CubeIDE_1.14.1/STM32CubeIDE/plugins/com.st.stm32cube.ide.mcu.externaltools.gnu-tools-for-stm32.11.3.rel1.win32_1.1.100.202309141235/tools/bin/../lib/gcc/arm-none-eabi/11.3.1/../../../../arm-none-eabi/lib/thumb/v6-m/nofp\libc_nano.a(libc_a-lseekr.o)
[...]
Memory Configuration

Name             Origin             Length             Attributes
RAM              0x0000000020000000 0x0000000000004000 xrw
FLASH            0x0000000008000000 0x0000000000020000 xr
*default*        0x0000000000000000 0xffffffffffffffff

Linker script and memory map

LOAD C:/ST/STM32CubeIDE_1.14.1/STM32CubeIDE/plugins/com.st.stm32cube.ide.mcu.externaltools.gnu-tools-for-stm32.11.3.rel1.win32_1.1.100.202309141235/tools/bin/../lib/gcc/arm-none-eabi/11.3.1/thumb/v6-m/nofp/crti.o
LOAD C:/ST/STM32CubeIDE_1.14.1/STM32CubeIDE/plugins/com.st.stm32cube.ide.mcu.externaltools.gnu-tools-for-stm32.11.3.rel1.win32_1.1.100.202309141235/tools/bin/../lib/gcc/arm-none-eabi/11.3.1/thumb/v6-m/nofp/crtbegin.o
LOAD C:/ST/STM32CubeIDE_1.14.1/STM32CubeIDE/plugins/com.st.stm32cube.ide.mcu.externaltools.gnu-tools-for-stm32.11.3.rel1.win32_1.1.100.202309141235/tools/bin/../lib/gcc/arm-none-eabi/11.3.1/../../../../arm-none-eabi/lib/thumb/v6-m/nofp/crt0.o
LOAD ./Core/Src/main.o
LOAD ./Core/Src/stm32f0xx_hal_msp.o
LOAD ./Core/Src/stm32f0xx_it.o
LOAD ./Core/Src/syscalls.o
LOAD ./Core/Src/sysmem.o
LOAD ./Core/Src/system_stm32f0xx.o
LOAD ./Core/Startup/startup_stm32f072rbtx.o
LOAD ./Drivers/STM32F0xx_HAL_Driver/Src/stm32f0xx_hal.o
LOAD ./Drivers/STM32F0xx_HAL_Driver/Src/stm32f0xx_hal_cortex.o
LOAD ./Drivers/STM32F0xx_HAL_Driver/Src/stm32f0xx_hal_dma.o
LOAD ./Drivers/STM32F0xx_HAL_Driver/Src/stm32f0xx_hal_exti.o
LOAD ./Drivers/STM32F0xx_HAL_Driver/Src/stm32f0xx_hal_flash.o
LOAD ./Drivers/STM32F0xx_HAL_Driver/Src/stm32f0xx_hal_flash_ex.o
LOAD ./Drivers/STM32F0xx_HAL_Driver/Src/stm32f0xx_hal_gpio.o
LOAD ./Drivers/STM32F0xx_HAL_Driver/Src/stm32f0xx_hal_i2c.o
LOAD ./Drivers/STM32F0xx_HAL_Driver/Src/stm32f0xx_hal_i2c_ex.o
LOAD ./Drivers/STM32F0xx_HAL_Driver/Src/stm32f0xx_hal_pwr.o
LOAD ./Drivers/STM32F0xx_HAL_Driver/Src/stm32f0xx_hal_pwr_ex.o
LOAD ./Drivers/STM32F0xx_HAL_Driver/Src/stm32f0xx_hal_rcc.o
LOAD ./Drivers/STM32F0xx_HAL_Driver/Src/stm32f0xx_hal_rcc_ex.o
LOAD ./Drivers/STM32F0xx_HAL_Driver/Src/stm32f0xx_hal_tim.o
LOAD ./Drivers/STM32F0xx_HAL_Driver/Src/stm32f0xx_hal_tim_ex.o
LOAD ./Drivers/STM32F0xx_HAL_Driver/Src/stm32f0xx_hal_uart.o
LOAD ./Drivers/STM32F0xx_HAL_Driver/Src/stm32f0xx_hal_uart_ex.o
START GROUP
LOAD C:/ST/STM32CubeIDE_1.14.1/STM32CubeIDE/plugins/com.st.stm32cube.ide.mcu.externaltools.gnu-tools-for-stm32.11.3.rel1.win32_1.1.100.202309141235/tools/bin/../lib/gcc/arm-none-eabi/11.3.1/../../../../arm-none-eabi/lib/thumb/v6-m/nofp\libc_nano.a
LOAD C:/ST/STM32CubeIDE_1.14.1/STM32CubeIDE/plugins/com.st.stm32cube.ide.mcu.externaltools.gnu-tools-for-stm32.11.3.rel1.win32_1.1.100.202309141235/tools/bin/../lib/gcc/arm-none-eabi/11.3.1/../../../../arm-none-eabi/lib/thumb/v6-m/nofp\libm.a
END GROUP
START GROUP
LOAD C:/ST/STM32CubeIDE_1.14.1/STM32CubeIDE/plugins/com.st.stm32cube.ide.mcu.externaltools.gnu-tools-for-stm32.11.3.rel1.win32_1.1.100.202309141235/tools/bin/../lib/gcc/arm-none-eabi/11.3.1/thumb/v6-m/nofp\libgcc.a
LOAD C:/ST/STM32CubeIDE_1.14.1/STM32CubeIDE/plugins/com.st.stm32cube.ide.mcu.externaltools.gnu-tools-for-stm32.11.3.rel1.win32_1.1.100.202309141235/tools/bin/../lib/gcc/arm-none-eabi/11.3.1/../../../../arm-none-eabi/lib/thumb/v6-m/nofp\libc_nano.a
END GROUP
START GROUP
LOAD C:/ST/STM32CubeIDE_1.14.1/STM32CubeIDE/plugins/com.st.stm32cube.ide.mcu.externaltools.gnu-tools-for-stm32.11.3.rel1.win32_1.1.100.202309141235/tools/bin/../lib/gcc/arm-none-eabi/11.3.1/thumb/v6-m/nofp\libgcc.a
LOAD C:/ST/STM32CubeIDE_1.14.1/STM32CubeIDE/plugins/com.st.stm32cube.ide.mcu.externaltools.gnu-tools-for-stm32.11.3.rel1.win32_1.1.100.202309141235/tools/bin/../lib/gcc/arm-none-eabi/11.3.1/../../../../arm-none-eabi/lib/thumb/v6-m/nofp\libc_nano.a
LOAD C:/ST/STM32CubeIDE_1.14.1/STM32CubeIDE/plugins/com.st.stm32cube.ide.mcu.externaltools.gnu-tools-for-stm32.11.3.rel1.win32_1.1.100.202309141235/tools/bin/../lib/gcc/arm-none-eabi/11.3.1/../../../../arm-none-eabi/lib/thumb/v6-m/nofp\libnosys.a
END GROUP
START GROUP
LOAD C:/ST/STM32CubeIDE_1.14.1/STM32CubeIDE/plugins/com.st.stm32cube.ide.mcu.externaltools.gnu-tools-for-stm32.11.3.rel1.win32_1.1.100.202309141235/tools/bin/../lib/gcc/arm-none-eabi/11.3.1/thumb/v6-m/nofp\libgcc.a
LOAD C:/ST/STM32CubeIDE_1.14.1/STM32CubeIDE/plugins/com.st.stm32cube.ide.mcu.externaltools.gnu-tools-for-stm32.11.3.rel1.win32_1.1.100.202309141235/tools/bin/../lib/gcc/arm-none-eabi/11.3.1/../../../../arm-none-eabi/lib/thumb/v6-m/nofp\libc_nano.a
LOAD C:/ST/STM32CubeIDE_1.14.1/STM32CubeIDE/plugins/com.st.stm32cube.ide.mcu.externaltools.gnu-tools-for-stm32.11.3.rel1.win32_1.1.100.202309141235/tools/bin/../lib/gcc/arm-none-eabi/11.3.1/../../../../arm-none-eabi/lib/thumb/v6-m/nofp\libnosys.a
END GROUP
LOAD C:/ST/STM32CubeIDE_1.14.1/STM32CubeIDE/plugins/com.st.stm32cube.ide.mcu.externaltools.gnu-tools-for-stm32.11.3.rel1.win32_1.1.100.202309141235/tools/bin/../lib/gcc/arm-none-eabi/11.3.1/thumb/v6-m/nofp/crtend.o
LOAD C:/ST/STM32CubeIDE_1.14.1/STM32CubeIDE/plugins/com.st.stm32cube.ide.mcu.externaltools.gnu-tools-for-stm32.11.3.rel1.win32_1.1.100.202309141235/tools/bin/../lib/gcc/arm-none-eabi/11.3.1/thumb/v6-m/nofp/crtn.o
                0x0000000020004000                _estack = (ORIGIN (RAM) + LENGTH (RAM))
                0x0000000000000200                _Min_Heap_Size = 0x200
                0x0000000000000400                _Min_Stack_Size = 0x400

.isr_vector     0x0000000008000000       0xc0
                0x0000000008000000                . = ALIGN (0x4)
 *(.isr_vector)
 .isr_vector    0x0000000008000000       0xc0 ./Core/Startup/startup_stm32f072rbtx.o
                0x0000000008000000                g_pfnVectors
                0x00000000080000c0                . = ALIGN (0x4)

.text           0x00000000080000c0     0x2540
                0x00000000080000c0                . = ALIGN (0x4)
 *(.text)
 .text          0x00000000080000c0       0x48 C:/ST/STM32CubeIDE_1.14.1/STM32CubeIDE/plugins/com.st.stm32cube.ide.mcu.externaltools.gnu-tools-for-stm32.11.3.rel1.win32_1.1.100.202309141235/tools/bin/../lib/gcc/arm-none-eabi/11.3.1/thumb/v6-m/nofp/crtbegin.o
 .text          0x0000000008000108      0x114 C:/ST/STM32CubeIDE_1.14.1/STM32CubeIDE/plugins/com.st.stm32cube.ide.mcu.externaltools.gnu-tools-for-stm32.11.3.rel1.win32_1.1.100.202309141235/tools/bin/../lib/gcc/arm-none-eabi/11.3.1/thumb/v6-m/nofp\libgcc.a(_udivsi3.o)
                0x0000000008000108                __aeabi_uidiv
                0x0000000008000108                __udivsi3
                0x0000000008000214                __aeabi_uidivmod
 .text          0x000000000800021c        0x4 C:/ST/STM32CubeIDE_1.14.1/STM32CubeIDE/plugins/com.st.stm32cube.ide.mcu.externaltools.gnu-tools-for-stm32.11.3.rel1.win32_1.1.100.202309141235/tools/bin/../lib/gcc/arm-none-eabi/11.3.1/thumb/v6-m/nofp\libgcc.a(_dvmd_tls.o)
                0x000000000800021c                __aeabi_idiv0
                0x000000000800021c                __aeabi_ldiv0
 *(.text*)
 .text.__NVIC_EnableIRQ
                0x0000000008000220       0x34 ./Core/Src/main.o
 .text.__NVIC_SetPriority
                0x0000000008000254       0xdc ./Core/Src/main.o
 .text.main     0x0000000008000330       0x98 ./Core/Src/main.o
                0x0000000008000330                main
 .text.SystemClock_Config
                0x00000000080003c8       0xae ./Core/Src/main.o
                0x00000000080003c8                SystemClock_Config
 *fill*         0x0000000008000476        0x2 
 .text.MX_USART2_UART_Init
                0x0000000008000478       0x60 ./Core/Src/main.o
 .text.MX_GPIO_Init
                0x00000000080004d8       0x30 ./Core/Src/main.o
 .text.killSwitch_Handler
                0x0000000008000508       0x84 ./Core/Src/main.o
                0x0000000008000508                killSwitch_Handler
 .text.SetWaitOneSec
                0x000000000800058c       0x28 ./Core/Src/main.o
                0x000000000800058c                SetWaitOneSec
 .text.EXTI0_1_IRQHandler
                0x00000000080005b4       0x28 ./Core/Src/main.o
                0x00000000080005b4                EXTI0_1_IRQHandler
 .text.debounceSwitch
                0x00000000080005dc       0x7e ./Core/Src/main.o
                0x00000000080005dc                debounceSwitch
 *fill*         0x000000000800065a        0x2 
 .text.EXTI_Init
                0x000000000800065c       0x78 ./Core/Src/main.o
                0x000000000800065c                EXTI_Init
 .text.LED_init
                0x00000000080006d4       0x30 ./Core/Src/main.o
                0x00000000080006d4                LED_init
 .text.time_expired
                0x0000000008000704       0x34 ./Core/Src/main.o
                0x0000000008000704                time_expired
 .text.SysTick_Init
                0x0000000008000738       0x58 ./Core/Src/main.o
                0x0000000008000738                SysTick_Init
 .text.DelayMSW
                0x0000000008000790       0x38 ./Core/Src/main.o
                0x0000000008000790                DelayMSW
 .text.SysTick_Handler
                0x00000000080007c8       0x28 ./Core/Src/main.o
                0x00000000080007c8                SysTick_Handler
 .text.FrontLightRelayCTRL
                0x00000000080007f0       0x34 ./Core/Src/main.o
                0x00000000080007f0                FrontLightRelayCTRL
 .text.BackLightRelayCTRL
                0x0000000008000824       0x34 ./Core/Src/main.o
                0x0000000008000824                BackLightRelayCTRL
 .text.DickeyLightRelayCTRL
                0x0000000008000858       0x34 ./Core/Src/main.o
                0x0000000008000858                DickeyLightRelayCTRL
 .text.BuzzerCTRL
                0x000000000800088c       0x34 ./Core/Src/main.o
                0x000000000800088c                BuzzerCTRL
 .text.BuzzerDriver
                0x00000000080008c0       0x32 ./Core/Src/main.o
                0x00000000080008c0                BuzzerDriver
 *fill*         0x00000000080008f2        0x2 
 .text.ConfigureOutputPins
                0x00000000080008f4       0x6c ./Core/Src/main.o
                0x00000000080008f4                ConfigureOutputPins
 .text.ConfigureInputPins
                0x0000000008000960       0x84 ./Core/Src/main.o
                0x0000000008000960                ConfigureInputPins
 .text.Check_Front_Door_Switches
                0x00000000080009e4       0x68 ./Core/Src/main.o
                0x00000000080009e4                Check_Front_Door_Switches
 .text.Check_Rear_Door_Switches
                0x0000000008000a4c       0x6c ./Core/Src/main.o
                0x0000000008000a4c                Check_Rear_Door_Switches
 .text.Check_Dickey_Door_Switch
                0x0000000008000ab8       0x44 ./Core/Src/main.o
                0x0000000008000ab8                Check_Dickey_Door_Switch
 .text.Check_Motor_Drive_Signal
                0x0000000008000afc       0x20 ./Core/Src/main.o
                0x0000000008000afc                Check_Motor_Drive_Signal
 .text.Check_Cab_On_Door_Signal
                0x0000000008000b1c       0x20 ./Core/Src/main.o
                0x0000000008000b1c                Check_Cab_On_Door_Signal
 .text.Error_Handler
                0x0000000008000b3c        0xa ./Core/Src/main.o
                0x0000000008000b3c                Error_Handler
 *fill*         0x0000000008000b46        0x2 
 .text.HAL_MspInit
                0x0000000008000b48       0x48 ./Core/Src/stm32f0xx_hal_msp.o
                0x0000000008000b48                HAL_MspInit
 .text.HAL_UART_MspInit
                0x0000000008000b90       0x98 ./Core/Src/stm32f0xx_hal_msp.o
                0x0000000008000b90                HAL_UART_MspInit
 .text.NMI_Handler
                0x0000000008000c28        0x6 ./Core/Src/stm32f0xx_it.o
                0x0000000008000c28                NMI_Handler
 .text.HardFault_Handler
                0x0000000008000c2e        0x6 ./Core/Src/stm32f0xx_it.o
                0x0000000008000c2e                HardFault_Handler
 .text.SVC_Handler
                0x0000000008000c34        0xa ./Core/Src/stm32f0xx_it.o
                0x0000000008000c34                SVC_Handler
 .text.PendSV_Handler
                0x0000000008000c3e        0xa ./Core/Src/stm32f0xx_it.o
                0x0000000008000c3e                PendSV_Handler
 .text.SystemInit
                0x0000000008000c48        0xa ./Core/Src/system_stm32f0xx.o
                0x0000000008000c48                SystemInit
 *fill*         0x0000000008000c52        0x2 
 .text.Reset_Handler
                0x0000000008000c54       0x50 ./Core/Startup/startup_stm32f072rbtx.o
                0x0000000008000c54                Reset_Handler
 .text.Default_Handler
                0x0000000008000ca4        0x2 ./Core/Startup/startup_stm32f072rbtx.o
                0x0000000008000ca4                TIM1_CC_IRQHandler
                0x0000000008000ca4                TSC_IRQHandler
                0x0000000008000ca4                ADC1_COMP_IRQHandler
                0x0000000008000ca4                I2C1_IRQHandler
                0x0000000008000ca4                RCC_CRS_IRQHandler
                0x0000000008000ca4                SPI1_IRQHandler
                0x0000000008000ca4                TIM6_DAC_IRQHandler
                0x0000000008000ca4                USART3_4_IRQHandler
                0x0000000008000ca4                EXTI2_3_IRQHandler
                0x0000000008000ca4                I2C2_IRQHandler
                0x0000000008000ca4                TIM17_IRQHandler
                0x0000000008000ca4                CEC_CAN_IRQHandler
                0x0000000008000ca4                RTC_IRQHandler
                0x0000000008000ca4                PVD_VDDIO2_IRQHandler
                0x0000000008000ca4                DMA1_Channel4_5_6_7_IRQHandler
                0x0000000008000ca4                TIM16_IRQHandler
                0x0000000008000ca4                TIM3_IRQHandler
                0x0000000008000ca4                EXTI4_15_IRQHandler
                0x0000000008000ca4                DMA1_Channel1_IRQHandler
                0x0000000008000ca4                Default_Handler
                0x0000000008000ca4                TIM14_IRQHandler
                0x0000000008000ca4                TIM7_IRQHandler
                0x0000000008000ca4                TIM15_IRQHandler
                0x0000000008000ca4                USB_IRQHandler
                0x0000000008000ca4                SPI2_IRQHandler
                0x0000000008000ca4                WWDG_IRQHandler
                0x0000000008000ca4                TIM2_IRQHandler
                0x0000000008000ca4                DMA1_Channel2_3_IRQHandler
                0x0000000008000ca4                USART2_IRQHandler
                0x0000000008000ca4                FLASH_IRQHandler
                0x0000000008000ca4                USART1_IRQHandler
                0x0000000008000ca4                TIM1_BRK_UP_TRG_COM_IRQHandler
 *fill*         0x0000000008000ca6        0x2 
 .text.HAL_Init
                0x0000000008000ca8       0x28 ./Drivers/STM32F0xx_HAL_Driver/Src/stm32f0xx_hal.o
                0x0000000008000ca8                HAL_Init
 .text.HAL_InitTick
                0x0000000008000cd0       0x68 ./Drivers/STM32F0xx_HAL_Driver/Src/stm32f0xx_hal.o
                0x0000000008000cd0                HAL_InitTick
 .text.HAL_GetTick
                0x0000000008000d38       0x14 ./Drivers/STM32F0xx_HAL_Driver/Src/stm32f0xx_hal.o
                0x0000000008000d38                HAL_GetTick
 .text.__NVIC_SetPriority
                0x0000000008000d4c       0xdc ./Drivers/STM32F0xx_HAL_Driver/Src/stm32f0xx_hal_cortex.o
 .text.SysTick_Config
                0x0000000008000e28       0x48 ./Drivers/STM32F0xx_HAL_Driver/Src/stm32f0xx_hal_cortex.o
 .text.HAL_NVIC_SetPriority
                0x0000000008000e70       0x2a ./Drivers/STM32F0xx_HAL_Driver/Src/stm32f0xx_hal_cortex.o
                0x0000000008000e70                HAL_NVIC_SetPriority
 .text.HAL_SYSTICK_Config
                0x0000000008000e9a       0x1a ./Drivers/STM32F0xx_HAL_Driver/Src/stm32f0xx_hal_cortex.o
                0x0000000008000e9a                HAL_SYSTICK_Config
 .text.HAL_GPIO_Init
                0x0000000008000eb4      0x2f0 ./Drivers/STM32F0xx_HAL_Driver/Src/stm32f0xx_hal_gpio.o
                0x0000000008000eb4                HAL_GPIO_Init
 .text.HAL_RCC_OscConfig
                0x00000000080011a4      0x70c ./Drivers/STM32F0xx_HAL_Driver/Src/stm32f0xx_hal_rcc.o
                0x00000000080011a4                HAL_RCC_OscConfig
 .text.HAL_RCC_ClockConfig
                0x00000000080018b0      0x1b4 ./Drivers/STM32F0xx_HAL_Driver/Src/stm32f0xx_hal_rcc.o
                0x00000000080018b0                HAL_RCC_ClockConfig
 .text.HAL_RCC_GetSysClockFreq
                0x0000000008001a64       0xe4 ./Drivers/STM32F0xx_HAL_Driver/Src/stm32f0xx_hal_rcc.o
                0x0000000008001a64                HAL_RCC_GetSysClockFreq
 .text.HAL_RCC_GetHCLKFreq
                0x0000000008001b48       0x14 ./Drivers/STM32F0xx_HAL_Driver/Src/stm32f0xx_hal_rcc.o
                0x0000000008001b48                HAL_RCC_GetHCLKFreq
 .text.HAL_RCC_GetPCLK1Freq
                0x0000000008001b5c       0x2c ./Drivers/STM32F0xx_HAL_Driver/Src/stm32f0xx_hal_rcc.o
                0x0000000008001b5c                HAL_RCC_GetPCLK1Freq
 .text.HAL_RCCEx_PeriphCLKConfig
                0x0000000008001b88      0x1fc ./Drivers/STM32F0xx_HAL_Driver/Src/stm32f0xx_hal_rcc_ex.o
                0x0000000008001b88                HAL_RCCEx_PeriphCLKConfig
 .text.HAL_UART_Init
                0x0000000008001d84       0xa8 ./Drivers/STM32F0xx_HAL_Driver/Src/stm32f0xx_hal_uart.o
                0x0000000008001d84                HAL_UART_Init
 .text.UART_SetConfig
                0x0000000008001e2c      0x310 ./Drivers/STM32F0xx_HAL_Driver/Src/stm32f0xx_hal_uart.o
                0x0000000008001e2c                UART_SetConfig
 .text.UART_AdvFeatureConfig
                0x000000000800213c      0x168 ./Drivers/STM32F0xx_HAL_Driver/Src/stm32f0xx_hal_uart.o
                0x000000000800213c                UART_AdvFeatureConfig
 .text.UART_CheckIdleState
                0x00000000080022a4      0x150 ./Drivers/STM32F0xx_HAL_Driver/Src/stm32f0xx_hal_uart.o
                0x00000000080022a4                UART_CheckIdleState
 .text.UART_WaitOnFlagUntilTimeout
                0x00000000080023f4       0xd2 ./Drivers/STM32F0xx_HAL_Driver/Src/stm32f0xx_hal_uart.o
                0x00000000080023f4                UART_WaitOnFlagUntilTimeout
 *fill*         0x00000000080024c6        0x2 
 .text.UART_EndRxTransfer
                0x00000000080024c8       0xc8 ./Drivers/STM32F0xx_HAL_Driver/Src/stm32f0xx_hal_uart.o
 .text.memset   0x0000000008002590       0x10 C:/ST/STM32CubeIDE_1.14.1/STM32CubeIDE/plugins/com.st.stm32cube.ide.mcu.externaltools.gnu-tools-for-stm32.11.3.rel1.win32_1.1.100.202309141235/tools/bin/../lib/gcc/arm-none-eabi/11.3.1/../../../../arm-none-eabi/lib/thumb/v6-m/nofp\libc_nano.a(libc_a-memset.o)
                0x0000000008002590                memset
 .text.__libc_init_array
                0x00000000080025a0       0x48 C:/ST/STM32CubeIDE_1.14.1/STM32CubeIDE/plugins/com.st.stm32cube.ide.mcu.externaltools.gnu-tools-for-stm32.11.3.rel1.win32_1.1.100.202309141235/tools/bin/../lib/gcc/arm-none-eabi/11.3.1/../../../../arm-none-eabi/lib/thumb/v6-m/nofp\libc_nano.a(libc_a-init.o)
                0x00000000080025a0                __libc_init_array
 *(.glue_7)
 .glue_7        0x00000000080025e8        0x0 linker stubs
 *(.glue_7t)
 .glue_7t       0x00000000080025e8        0x0 linker stubs
 *(.eh_frame)
 .eh_frame      0x00000000080025e8        0x0 C:/ST/STM32CubeIDE_1.14.1/STM32CubeIDE/plugins/com.st.stm32cube.ide.mcu.externaltools.gnu-tools-for-stm32.11.3.rel1.win32_1.1.100.202309141235/tools/bin/../lib/gcc/arm-none-eabi/11.3.1/thumb/v6-m/nofp/crtbegin.o
 *(.init)
 .init          0x00000000080025e8        0x4 C:/ST/STM32CubeIDE_1.14.1/STM32CubeIDE/plugins/com.st.stm32cube.ide.mcu.externaltools.gnu-tools-for-stm32.11.3.rel1.win32_1.1.100.202309141235/tools/bin/../lib/gcc/arm-none-eabi/11.3.1/thumb/v6-m/nofp/crti.o
                0x00000000080025e8                _init
 .init          0x00000000080025ec        0x8 C:/ST/STM32CubeIDE_1.14.1/STM32CubeIDE/plugins/com.st.stm32cube.ide.mcu.externaltools.gnu-tools-for-stm32.11.3.rel1.win32_1.1.100.202309141235/tools/bin/../lib/gcc/arm-none-eabi/11.3.1/thumb/v6-m/nofp/crtn.o
 *(.fini)
 .fini          0x00000000080025f4        0x4 C:/ST/STM32CubeIDE_1.14.1/STM32CubeIDE/plugins/com.st.stm32cube.ide.mcu.externaltools.gnu-tools-for-stm32.11.3.rel1.win32_1.1.100.202309141235/tools/bin/../lib/gcc/arm-none-eabi/11.3.1/thumb/v6-m/nofp/crti.o
                0x00000000080025f4                _fini
 .fini          0x00000000080025f8        0x8 C:/ST/STM32CubeIDE_1.14.1/STM32CubeIDE/plugins/com.st.stm32cube.ide.mcu.externaltools.gnu-tools-for-stm32.11.3.rel1.win32_1.1.100.202309141235/tools/bin/../lib/gcc/arm-none-eabi/11.3.1/thumb/v6-m/nofp/crtn.o
                0x0000000008002600                . = ALIGN (0x4)
                0x0000000008002600                _etext = .

.vfp11_veneer   0x0000000008002600        0x0
 .vfp11_veneer  0x0000000008002600        0x0 linker stubs

.v4_bx          0x0000000008002600        0x0
 .v4_bx         0x0000000008002600        0x0 linker stubs

.iplt           0x0000000008002600        0x0
 .iplt          0x0000000008002600        0x0 C:/ST/STM32CubeIDE_1.14.1/STM32CubeIDE/plugins/com.st.stm32cube.ide.mcu.externaltools.gnu-tools-for-stm32.11.3.rel1.win32_1.1.100.202309141235/tools/bin/../lib/gcc/arm-none-eabi/11.3.1/thumb/v6-m/nofp/crtbegin.o

.rodata         0x0000000008002600       0x38
                0x0000000008002600                . = ALIGN (0x4)
 *(.rodata)
 *(.rodata*)
 .rodata.AHBPrescTable
                0x0000000008002600       0x10 ./Core/Src/system_stm32f0xx.o
                0x0000000008002600                AHBPrescTable
 .rodata.APBPrescTable
                0x0000000008002610        0x8 ./Core/Src/system_stm32f0xx.o
                0x0000000008002610                APBPrescTable
 .rodata.aPLLMULFactorTable.1
                0x0000000008002618       0x10 ./Drivers/STM32F0xx_HAL_Driver/Src/stm32f0xx_hal_rcc.o
 .rodata.aPredivFactorTable.0
                0x0000000008002628       0x10 ./Drivers/STM32F0xx_HAL_Driver/Src/stm32f0xx_hal_rcc.o
                0x0000000008002638                . = ALIGN (0x4)

.rel.dyn        0x0000000008002638        0x0
 .rel.iplt      0x0000000008002638        0x0 C:/ST/STM32CubeIDE_1.14.1/STM32CubeIDE/plugins/com.st.stm32cube.ide.mcu.externaltools.gnu-tools-for-stm32.11.3.rel1.win32_1.1.100.202309141235/tools/bin/../lib/gcc/arm-none-eabi/11.3.1/thumb/v6-m/nofp/crtbegin.o

.ARM.extab      0x0000000008002638        0x0
                0x0000000008002638                . = ALIGN (0x4)
 *(.ARM.extab* .gnu.linkonce.armextab.*)
                0x0000000008002638                . = ALIGN (0x4)

.ARM            0x0000000008002638        0x0
                0x0000000008002638                . = ALIGN (0x4)
                0x0000000008002638                __exidx_start = .
 *(.ARM.exidx*)
                0x0000000008002638                __exidx_end = .
                0x0000000008002638                . = ALIGN (0x4)

.preinit_array  0x0000000008002638        0x0
                0x0000000008002638                . = ALIGN (0x4)
                0x0000000008002638                PROVIDE (__preinit_array_start = .)
 *(.preinit_array*)
                0x0000000008002638                PROVIDE (__preinit_array_end = .)
                0x0000000008002638                . = ALIGN (0x4)

.init_array     0x0000000008002638        0x4
                0x0000000008002638                . = ALIGN (0x4)
                0x0000000008002638                PROVIDE (__init_array_start = .)
 *(SORT_BY_NAME(.init_array.*))
 *(.init_array*)
 .init_array    0x0000000008002638        0x4 C:/ST/STM32CubeIDE_1.14.1/STM32CubeIDE/plugins/com.st.stm32cube.ide.mcu.externaltools.gnu-tools-for-stm32.11.3.rel1.win32_1.1.100.202309141235/tools/bin/../lib/gcc/arm-none-eabi/11.3.1/thumb/v6-m/nofp/crtbegin.o
                0x000000000800263c                PROVIDE (__init_array_end = .)
                0x000000000800263c                . = ALIGN (0x4)

.fini_array     0x000000000800263c        0x4
                0x000000000800263c                . = ALIGN (0x4)
                [!provide]                        PROVIDE (__fini_array_start = .)
 *(SORT_BY_NAME(.fini_array.*))
 *(.fini_array*)
 .fini_array    0x000000000800263c        0x4 C:/ST/STM32CubeIDE_1.14.1/STM32CubeIDE/plugins/com.st.stm32cube.ide.mcu.externaltools.gnu-tools-for-stm32.11.3.rel1.win32_1.1.100.202309141235/tools/bin/../lib/gcc/arm-none-eabi/11.3.1/thumb/v6-m/nofp/crtbegin.o
                [!provide]                        PROVIDE (__fini_array_end = .)
                0x0000000008002640                . = ALIGN (0x4)
                0x0000000008002640                _sidata = LOADADDR (.data)

.data           0x0000000020000000       0x18 load address 0x0000000008002640
                0x0000000020000000                . = ALIGN (0x4)
                0x0000000020000000                _sdata = .
 *(.data)
 *(.data*)
 .data.OneSec   0x0000000020000000        0xc ./Core/Src/main.o
                0x0000000020000000                OneSec
 .data.SystemCoreClock
                0x000000002000000c        0x4 ./Core/Src/system_stm32f0xx.o
                0x000000002000000c                SystemCoreClock
 .data.uwTickPrio
                0x0000000020000010        0x4 ./Drivers/STM32F0xx_HAL_Driver/Src/stm32f0xx_hal.o
                0x0000000020000010                uwTickPrio
 .data.uwTickFreq
                0x0000000020000014        0x1 ./Drivers/STM32F0xx_HAL_Driver/Src/stm32f0xx_hal.o
                0x0000000020000014                uwTickFreq
 *(.RamFunc)
 *(.RamFunc*)
                0x0000000020000018                . = ALIGN (0x4)
 *fill*         0x0000000020000015        0x3 
                0x0000000020000018                _edata = .

.igot.plt       0x0000000020000018        0x0 load address 0x0000000008002658
 .igot.plt      0x0000000020000018        0x0 C:/ST/STM32CubeIDE_1.14.1/STM32CubeIDE/plugins/com.st.stm32cube.ide.mcu.externaltools.gnu-tools-for-stm32.11.3.rel1.win32_1.1.100.202309141235/tools/bin/../lib/gcc/arm-none-eabi/11.3.1/thumb/v6-m/nofp/crtbegin.o
                0x0000000020000018                . = ALIGN (0x4)

.bss            0x0000000020000018       0xb0 load address 0x0000000008002658
                0x0000000020000018                _sbss = .
                0x0000000020000018                __bss_start__ = _sbss
 *(.bss)
 .bss           0x0000000020000018       0x1c C:/ST/STM32CubeIDE_1.14.1/STM32CubeIDE/plugins/com.st.stm32cube.ide.mcu.externaltools.gnu-tools-for-stm32.11.3.rel1.win32_1.1.100.202309141235/tools/bin/../lib/gcc/arm-none-eabi/11.3.1/thumb/v6-m/nofp/crtbegin.o
 *(.bss*)
 .bss.huart2    0x0000000020000034       0x88 ./Core/Src/main.o
                0x0000000020000034                huart2
 .bss.killSwitchFlagRE
                0x00000000200000bc        0x4 ./Core/Src/main.o
                0x00000000200000bc                killSwitchFlagRE
 .bss.counter   0x00000000200000c0        0x4 ./Core/Src/main.o
                0x00000000200000c0                counter
 .bss.uwTick    0x00000000200000c4        0x4 ./Drivers/STM32F0xx_HAL_Driver/Src/stm32f0xx_hal.o
                0x00000000200000c4                uwTick
 *(COMMON)
                0x00000000200000c8                . = ALIGN (0x4)
                0x00000000200000c8                _ebss = .
                0x00000000200000c8                __bss_end__ = _ebss

._user_heap_stack
                0x00000000200000c8      0x600 load address 0x0000000008002658
                0x00000000200000c8                . = ALIGN (0x8)
                [!provide]                        PROVIDE (end = .)
                0x00000000200000c8                PROVIDE (_end = .)
                0x00000000200002c8                . = (. + _Min_Heap_Size)
 *fill*         0x00000000200000c8      0x200 
                0x00000000200006c8                . = (. + _Min_Stack_Size)
 *fill*         0x00000000200002c8      0x400 
                0x00000000200006c8                . = ALIGN (0x8)

/DISCARD/
 libc.a(*)
 libm.a(*)
 libgcc.a(*)

.ARM.attributes
                0x0000000000000000       0x28
 *(.ARM.attributes)
 .ARM.attributes
                0x0000000000000000       0x1e C:/ST/STM32CubeIDE_1.14.1/STM32CubeIDE/plugins/com.st.stm32cube.ide.mcu.externaltools.gnu-tools-for-stm32.11.3.rel1.win32_1.1.100.202309141235/tools/bin/../lib/gcc/arm-none-eabi/11.3.1/thumb/v6-m/nofp/crti.o
 .ARM.attributes
                0x000000000000001e       0x2c C:/ST/STM32CubeIDE_1.14.1/STM32CubeIDE/plugins/com.st.stm32cube.ide.mcu.externaltools.gnu-tools-for-stm32.11.3.rel1.win32_1.1.100.202309141235/tools/bin/../lib/gcc/arm-none-eabi/11.3.1/thumb/v6-m/nofp/crtbegin.o
 .ARM.attributes
                0x000000000000004a       0x2c ./Core/Src/main.o
 .ARM.attributes
                0x0000000000000076       0x2c ./Core/Src/stm32f0xx_hal_msp.o
 .ARM.attributes
                0x00000000000000a2       0x2c ./Core/Src/stm32f0xx_it.o
 .ARM.attributes
                0x00000000000000ce       0x2c ./Core/Src/system_stm32f0xx.o
 .ARM.attributes
                0x00000000000000fa       0x21 ./Core/Startup/startup_stm32f072rbtx.o
 .ARM.attributes
                0x000000000000011b       0x2c ./Drivers/STM32F0xx_HAL_Driver/Src/stm32f0xx_hal.o
 .ARM.attributes
                0x0000000000000147       0x2c ./Drivers/STM32F0xx_HAL_Driver/Src/stm32f0xx_hal_cortex.o
 .ARM.attributes
                0x0000000000000173       0x2c ./Drivers/STM32F0xx_HAL_Driver/Src/stm32f0xx_hal_gpio.o
 .ARM.attributes
                0x000000000000019f       0x2c ./Drivers/STM32F0xx_HAL_Driver/Src/stm32f0xx_hal_rcc.o
 .ARM.attributes
                0x00000000000001cb       0x2c ./Drivers/STM32F0xx_HAL_Driver/Src/stm32f0xx_hal_rcc_ex.o
 .ARM.attributes
                0x00000000000001f7       0x2c ./Drivers/STM32F0xx_HAL_Driver/Src/stm32f0xx_hal_uart.o
 .ARM.attributes
                0x0000000000000223       0x2c C:/ST/STM32CubeIDE_1.14.1/STM32CubeIDE/plugins/com.st.stm32cube.ide.mcu.externaltools.gnu-tools-for-stm32.11.3.rel1.win32_1.1.100.202309141235/tools/bin/../lib/gcc/arm-none-eabi/11.3.1/../../../../arm-none-eabi/lib/thumb/v6-m/nofp\libc_nano.a(libc_a-memset.o)
 .ARM.attributes
                0x000000000000024f       0x2c C:/ST/STM32CubeIDE_1.14.1/STM32CubeIDE/plugins/com.st.stm32cube.ide.mcu.externaltools.gnu-tools-for-stm32.11.3.rel1.win32_1.1.100.202309141235/tools/bin/../lib/gcc/arm-none-eabi/11.3.1/../../../../arm-none-eabi/lib/thumb/v6-m/nofp\libc_nano.a(libc_a-init.o)
 .ARM.attributes
                0x000000000000027b       0x1e C:/ST/STM32CubeIDE_1.14.1/STM32CubeIDE/plugins/com.st.stm32cube.ide.mcu.externaltools.gnu-tools-for-stm32.11.3.rel1.win32_1.1.100.202309141235/tools/bin/../lib/gcc/arm-none-eabi/11.3.1/thumb/v6-m/nofp\libgcc.a(_udivsi3.o)
 .ARM.attributes
                0x0000000000000299       0x1e C:/ST/STM32CubeIDE_1.14.1/STM32CubeIDE/plugins/com.st.stm32cube.ide.mcu.externaltools.gnu-tools-for-stm32.11.3.rel1.win32_1.1.100.202309141235/tools/bin/../lib/gcc/arm-none-eabi/11.3.1/thumb/v6-m/nofp\libgcc.a(_dvmd_tls.o)
 .ARM.attributes
                0x00000000000002b7       0x1e C:/ST/STM32CubeIDE_1.14.1/STM32CubeIDE/plugins/com.st.stm32cube.ide.mcu.externaltools.gnu-tools-for-stm32.11.3.rel1.win32_1.1.100.202309141235/tools/bin/../lib/gcc/arm-none-eabi/11.3.1/thumb/v6-m/nofp/crtn.o
OUTPUT(Lights_and_Buzzer_Driver.elf elf32-littlearm)
LOAD linker stubs
LOAD C:/ST/STM32CubeIDE_1.14.1/STM32CubeIDE/plugins/com.st.stm32cube.ide.mcu.externaltools.gnu-tools-for-stm32.11.3.rel1.win32_1.1.100.202309141235/tools/bin/../lib/gcc/arm-none-eabi/11.3.1/../../../../arm-none-eabi/lib/thumb/v6-m/nofp\libc.a
LOAD C:/ST/STM32CubeIDE_1.14.1/STM32CubeIDE/plugins/com.st.stm32cube.ide.mcu.externaltools.gnu-tools-for-stm32.11.3.rel1.win32_1.1.100.202309141235/tools/bin/../lib/gcc/arm-none-eabi/11.3.1/../../../../arm-none-eabi/lib/thumb/v6-m/nofp\libm.a
LOAD C:/ST/STM32CubeIDE_1.14.1/STM32CubeIDE/plugins/com.st.stm32cube.ide.mcu.externaltools.gnu-tools-for-stm32.11.3.rel1.win32_1.1.100.202309141235/tools/bin/../lib/gcc/arm-none-eabi/11.3.1/thumb/v6-m/nofp\libgcc.a

.comment        0x0000000000000000       0x43
 .comment       0x0000000000000000       0x43 C:/ST/STM32CubeIDE_1.14.1/STM32CubeIDE/plugins/com.st.stm32cube.ide.mcu.externaltools.gnu-tools-for-stm32.11.3.rel1.win32_1.1.100.202309141235/tools/bin/../lib/gcc/arm-none-eabi/11.3.1/thumb/v6-m/nofp/crtbegin.o
                                         0x44 (size before relaxing)
 .comment       0x0000000000000043       0x44 ./Core/Src/main.o
 .comment       0x0000000000000043       0x44 ./Core/Src/stm32f0xx_hal_msp.o
 .comment       0x0000000000000043       0x44 ./Core/Src/stm32f0xx_it.o
 .comment       0x0000000000000043       0x44 ./Core/Src/system_stm32f0xx.o
 .comment       0x0000000000000043       0x44 ./Drivers/STM32F0xx_HAL_Driver/Src/stm32f0xx_hal.o
 .comment       0x0000000000000043       0x44 ./Drivers/STM32F0xx_HAL_Driver/Src/stm32f0xx_hal_cortex.o
 .comment       0x0000000000000043       0x44 ./Drivers/STM32F0xx_HAL_Driver/Src/stm32f0xx_hal_gpio.o
 .comment       0x0000000000000043       0x44 ./Drivers/STM32F0xx_HAL_Driver/Src/stm32f0xx_hal_rcc.o
 .comment       0x0000000000000043       0x44 ./Drivers/STM32F0xx_HAL_Driver/Src/stm32f0xx_hal_rcc_ex.o
 .comment       0x0000000000000043       0x44 ./Drivers/STM32F0xx_HAL_Driver/Src/stm32f0xx_hal_uart.o

.debug_info     0x0000000000000000     0x7b0c
 .debug_info    0x0000000000000000     0x12ca ./Core/Src/main.o
 .debug_info    0x00000000000012ca      0x8f4 ./Core/Src/stm32f0xx_hal_msp.o
 .debug_info    0x0000000000001bbe       0xb8 ./Core/Src/stm32f0xx_it.o
 .debug_info    0x0000000000001c76      0x242 ./Core/Src/system_stm32f0xx.o
 .debug_info    0x0000000000001eb8       0x23 ./Core/Startup/startup_stm32f072rbtx.o
 .debug_info    0x0000000000001edb      0x6c9 ./Drivers/STM32F0xx_HAL_Driver/Src/stm32f0xx_hal.o
 .debug_info    0x00000000000025a4      0x6c5 ./Drivers/STM32F0xx_HAL_Driver/Src/stm32f0xx_hal_cortex.o
 .debug_info    0x0000000000002c69      0x5a6 ./Drivers/STM32F0xx_HAL_Driver/Src/stm32f0xx_hal_gpio.o
 .debug_info    0x000000000000320f      0x83f ./Drivers/STM32F0xx_HAL_Driver/Src/stm32f0xx_hal_rcc.o
 .debug_info    0x0000000000003a4e      0x61c ./Drivers/STM32F0xx_HAL_Driver/Src/stm32f0xx_hal_rcc_ex.o
 .debug_info    0x000000000000406a     0x3aa2 ./Drivers/STM32F0xx_HAL_Driver/Src/stm32f0xx_hal_uart.o

.debug_abbrev   0x0000000000000000     0x13d3
 .debug_abbrev  0x0000000000000000      0x34b ./Core/Src/main.o
 .debug_abbrev  0x000000000000034b      0x1aa ./Core/Src/stm32f0xx_hal_msp.o
 .debug_abbrev  0x00000000000004f5       0x47 ./Core/Src/stm32f0xx_it.o
 .debug_abbrev  0x000000000000053c      0x11c ./Core/Src/system_stm32f0xx.o
 .debug_abbrev  0x0000000000000658       0x12 ./Core/Startup/startup_stm32f072rbtx.o
 .debug_abbrev  0x000000000000066a      0x213 ./Drivers/STM32F0xx_HAL_Driver/Src/stm32f0xx_hal.o
 .debug_abbrev  0x000000000000087d      0x28c ./Drivers/STM32F0xx_HAL_Driver/Src/stm32f0xx_hal_cortex.o
 .debug_abbrev  0x0000000000000b09      0x1cb ./Drivers/STM32F0xx_HAL_Driver/Src/stm32f0xx_hal_gpio.o
 .debug_abbrev  0x0000000000000cd4      0x28c ./Drivers/STM32F0xx_HAL_Driver/Src/stm32f0xx_hal_rcc.o
 .debug_abbrev  0x0000000000000f60      0x1a6 ./Drivers/STM32F0xx_HAL_Driver/Src/stm32f0xx_hal_rcc_ex.o
 .debug_abbrev  0x0000000000001106      0x2cd ./Drivers/STM32F0xx_HAL_Driver/Src/stm32f0xx_hal_uart.o

.debug_aranges  0x0000000000000000      0x6c0
 .debug_aranges
                0x0000000000000000      0x100 ./Core/Src/main.o
 .debug_aranges
                0x0000000000000100       0x30 ./Core/Src/stm32f0xx_hal_msp.o
 .debug_aranges
                0x0000000000000130       0x38 ./Core/Src/stm32f0xx_it.o
 .debug_aranges
                0x0000000000000168       0x28 ./Core/Src/system_stm32f0xx.o
 .debug_aranges
                0x0000000000000190       0x28 ./Core/Startup/startup_stm32f072rbtx.o
 .debug_aranges
                0x00000000000001b8       0xd0 ./Drivers/STM32F0xx_HAL_Driver/Src/stm32f0xx_hal.o
 .debug_aranges
                0x0000000000000288       0xc0 ./Drivers/STM32F0xx_HAL_Driver/Src/stm32f0xx_hal_cortex.o
 .debug_aranges
                0x0000000000000348       0x58 ./Drivers/STM32F0xx_HAL_Driver/Src/stm32f0xx_hal_gpio.o
 .debug_aranges
                0x00000000000003a0       0x80 ./Drivers/STM32F0xx_HAL_Driver/Src/stm32f0xx_hal_rcc.o
 .debug_aranges
                0x0000000000000420       0x78 ./Drivers/STM32F0xx_HAL_Driver/Src/stm32f0xx_hal_rcc_ex.o
 .debug_aranges
                0x0000000000000498      0x228 ./Drivers/STM32F0xx_HAL_Driver/Src/stm32f0xx_hal_uart.o

.debug_rnglists
                0x0000000000000000      0x531
 .debug_rnglists
                0x0000000000000000       0xc0 ./Core/Src/main.o
 .debug_rnglists
                0x00000000000000c0       0x20 ./Core/Src/stm32f0xx_hal_msp.o
 .debug_rnglists
                0x00000000000000e0       0x25 ./Core/Src/stm32f0xx_it.o
 .debug_rnglists
                0x0000000000000105       0x1a ./Core/Src/system_stm32f0xx.o
 .debug_rnglists
                0x000000000000011f       0x19 ./Core/Startup/startup_stm32f072rbtx.o
 .debug_rnglists
                0x0000000000000138       0x97 ./Drivers/STM32F0xx_HAL_Driver/Src/stm32f0xx_hal.o
 .debug_rnglists
                0x00000000000001cf       0x8c ./Drivers/STM32F0xx_HAL_Driver/Src/stm32f0xx_hal_cortex.o
 .debug_rnglists
                0x000000000000025b       0x3f ./Drivers/STM32F0xx_HAL_Driver/Src/stm32f0xx_hal_gpio.o
 .debug_rnglists
                0x000000000000029a       0x61 ./Drivers/STM32F0xx_HAL_Driver/Src/stm32f0xx_hal_rcc.o
 .debug_rnglists
                0x00000000000002fb       0x5b ./Drivers/STM32F0xx_HAL_Driver/Src/stm32f0xx_hal_rcc_ex.o
 .debug_rnglists
                0x0000000000000356      0x1db ./Drivers/STM32F0xx_HAL_Driver/Src/stm32f0xx_hal_uart.o

.debug_macro    0x0000000000000000    0x18d18
 .debug_macro   0x0000000000000000      0x390 ./Core/Src/main.o
 .debug_macro   0x0000000000000390      0xa7e ./Core/Src/main.o
 .debug_macro   0x0000000000000e0e      0x12d ./Core/Src/main.o
 .debug_macro   0x0000000000000f3b       0x2e ./Core/Src/main.o
 .debug_macro   0x0000000000000f69       0x22 ./Core/Src/main.o
 .debug_macro   0x0000000000000f8b       0x22 ./Core/Src/main.o
 .debug_macro   0x0000000000000fad       0x8e ./Core/Src/main.o
 .debug_macro   0x000000000000103b       0x51 ./Core/Src/main.o
 .debug_macro   0x000000000000108c      0x103 ./Core/Src/main.o
 .debug_macro   0x000000000000118f       0x6a ./Core/Src/main.o
 .debug_macro   0x00000000000011f9      0x1df ./Core/Src/main.o
 .debug_macro   0x00000000000013d8       0x1c ./Core/Src/main.o
 .debug_macro   0x00000000000013f4       0x22 ./Core/Src/main.o
 .debug_macro   0x0000000000001416       0xaf ./Core/Src/main.o
 .debug_macro   0x00000000000014c5      0x391 ./Core/Src/main.o
 .debug_macro   0x0000000000001856     0xfe73 ./Core/Src/main.o
 .debug_macro   0x00000000000116c9       0x66 ./Core/Src/main.o
 .debug_macro   0x000000000001172f     0x34be ./Core/Src/main.o
 .debug_macro   0x0000000000014bed      0x174 ./Core/Src/main.o
 .debug_macro   0x0000000000014d61       0x55 ./Core/Src/main.o
 .debug_macro   0x0000000000014db6      0x946 ./Core/Src/main.o
 .debug_macro   0x00000000000156fc      0x5f3 ./Core/Src/main.o
 .debug_macro   0x0000000000015cef      0x1ae ./Core/Src/main.o
 .debug_macro   0x0000000000015e9d      0x1a7 ./Core/Src/main.o
 .debug_macro   0x0000000000016044      0x1a7 ./Core/Src/main.o
 .debug_macro   0x00000000000161eb      0x22c ./Core/Src/main.o
 .debug_macro   0x0000000000016417       0x34 ./Core/Src/main.o
 .debug_macro   0x000000000001644b       0x43 ./Core/Src/main.o
 .debug_macro   0x000000000001648e       0x28 ./Core/Src/main.o
 .debug_macro   0x00000000000164b6       0xb0 ./Core/Src/main.o
 .debug_macro   0x0000000000016566      0x217 ./Core/Src/main.o
 .debug_macro   0x000000000001677d      0x22c ./Core/Src/main.o
 .debug_macro   0x00000000000169a9       0x61 ./Core/Src/main.o
 .debug_macro   0x0000000000016a0a       0xa5 ./Core/Src/main.o
 .debug_macro   0x0000000000016aaf       0x4c ./Core/Src/main.o
 .debug_macro   0x0000000000016afb      0x16d ./Core/Src/main.o
 .debug_macro   0x0000000000016c68      0x5ba ./Core/Src/main.o
 .debug_macro   0x0000000000017222       0x44 ./Core/Src/main.o
 .debug_macro   0x0000000000017266      0x130 ./Core/Src/main.o
 .debug_macro   0x0000000000017396       0x61 ./Core/Src/main.o
 .debug_macro   0x00000000000173f7       0x24 ./Core/Src/main.o
 .debug_macro   0x000000000001741b       0x43 ./Core/Src/main.o
 .debug_macro   0x000000000001745e       0x34 ./Core/Src/main.o
 .debug_macro   0x0000000000017492       0x16 ./Core/Src/main.o
 .debug_macro   0x00000000000174a8       0x43 ./Core/Src/main.o
 .debug_macro   0x00000000000174eb       0x34 ./Core/Src/main.o
 .debug_macro   0x000000000001751f       0x10 ./Core/Src/main.o
 .debug_macro   0x000000000001752f       0x58 ./Core/Src/main.o
 .debug_macro   0x0000000000017587       0x8e ./Core/Src/main.o
 .debug_macro   0x0000000000017615       0x1c ./Core/Src/main.o
 .debug_macro   0x0000000000017631      0x177 ./Core/Src/main.o
 .debug_macro   0x00000000000177a8      0x369 ./Core/Src/main.o
 .debug_macro   0x0000000000017b11       0x10 ./Core/Src/main.o
 .debug_macro   0x0000000000017b21       0x35 ./Core/Src/main.o
 .debug_macro   0x0000000000017b56       0x20 ./Core/Src/main.o
 .debug_macro   0x0000000000017b76       0x1c ./Core/Src/main.o
 .debug_macro   0x0000000000017b92       0x10 ./Core/Src/main.o
 .debug_macro   0x0000000000017ba2       0x1c ./Core/Src/main.o
 .debug_macro   0x0000000000017bbe       0x16 ./Core/Src/main.o
 .debug_macro   0x0000000000017bd4      0x147 ./Core/Src/main.o
 .debug_macro   0x0000000000017d1b       0x16 ./Core/Src/main.o
 .debug_macro   0x0000000000017d31       0x16 ./Core/Src/main.o
 .debug_macro   0x0000000000017d47       0x29 ./Core/Src/main.o
 .debug_macro   0x0000000000017d70      0x1b8 ./Core/Src/stm32f0xx_hal_msp.o
 .debug_macro   0x0000000000017f28      0x1c2 ./Core/Src/stm32f0xx_it.o
 .debug_macro   0x00000000000180ea      0x1ae ./Core/Src/system_stm32f0xx.o
 .debug_macro   0x0000000000018298      0x1d2 ./Drivers/STM32F0xx_HAL_Driver/Src/stm32f0xx_hal.o
 .debug_macro   0x000000000001846a      0x1ae ./Drivers/STM32F0xx_HAL_Driver/Src/stm32f0xx_hal_cortex.o
 .debug_macro   0x0000000000018618      0x1b5 ./Drivers/STM32F0xx_HAL_Driver/Src/stm32f0xx_hal_gpio.o
 .debug_macro   0x00000000000187cd      0x1c0 ./Drivers/STM32F0xx_HAL_Driver/Src/stm32f0xx_hal_rcc.o
 .debug_macro   0x000000000001898d      0x1c0 ./Drivers/STM32F0xx_HAL_Driver/Src/stm32f0xx_hal_rcc_ex.o
 .debug_macro   0x0000000000018b4d      0x1cb ./Drivers/STM32F0xx_HAL_Driver/Src/stm32f0xx_hal_uart.o

.debug_line     0x0000000000000000     0x8c55
 .debug_line    0x0000000000000000      0xe93 ./Core/Src/main.o
 .debug_line    0x0000000000000e93      0x787 ./Core/Src/stm32f0xx_hal_msp.o
 .debug_line    0x000000000000161a      0x786 ./Core/Src/stm32f0xx_it.o
 .debug_line    0x0000000000001da0      0x7c1 ./Core/Src/system_stm32f0xx.o
 .debug_line    0x0000000000002561       0x7b ./Core/Startup/startup_stm32f072rbtx.o
 .debug_line    0x00000000000025dc      0x9b4 ./Drivers/STM32F0xx_HAL_Driver/Src/stm32f0xx_hal.o
 .debug_line    0x0000000000002f90      0xa60 ./Drivers/STM32F0xx_HAL_Driver/Src/stm32f0xx_hal_cortex.o
 .debug_line    0x00000000000039f0      0xb44 ./Drivers/STM32F0xx_HAL_Driver/Src/stm32f0xx_hal_gpio.o
 .debug_line    0x0000000000004534      0xe3c ./Drivers/STM32F0xx_HAL_Driver/Src/stm32f0xx_hal_rcc.o
 .debug_line    0x0000000000005370      0xc51 ./Drivers/STM32F0xx_HAL_Driver/Src/stm32f0xx_hal_rcc_ex.o
 .debug_line    0x0000000000005fc1     0x2c94 ./Drivers/STM32F0xx_HAL_Driver/Src/stm32f0xx_hal_uart.o

.debug_str      0x0000000000000000    0x9043e
 .debug_str     0x0000000000000000    0x8eebb ./Core/Src/main.o
                                      0x8f28f (size before relaxing)
 .debug_str     0x000000000008eebb       0xaa ./Core/Src/stm32f0xx_hal_msp.o
                                      0x8af54 (size before relaxing)
 .debug_str     0x000000000008ef65       0x66 ./Core/Src/stm32f0xx_it.o
                                      0x8aa36 (size before relaxing)
 .debug_str     0x000000000008efcb       0x8b ./Core/Src/system_stm32f0xx.o
                                      0x8aaca (size before relaxing)
 .debug_str     0x000000000008f056       0x34 ./Core/Startup/startup_stm32f072rbtx.o
                                         0x91 (size before relaxing)
 .debug_str     0x000000000008f08a      0x38d ./Drivers/STM32F0xx_HAL_Driver/Src/stm32f0xx_hal.o
                                      0x8b0c0 (size before relaxing)
 .debug_str     0x000000000008f417      0x140 ./Drivers/STM32F0xx_HAL_Driver/Src/stm32f0xx_hal_cortex.o
                                      0x8aeb1 (size before relaxing)
 .debug_str     0x000000000008f557      0x132 ./Drivers/STM32F0xx_HAL_Driver/Src/stm32f0xx_hal_gpio.o
                                      0x8ac6b (size before relaxing)
 .debug_str     0x000000000008f689      0x21a ./Drivers/STM32F0xx_HAL_Driver/Src/stm32f0xx_hal_rcc.o
                                      0x8af11 (size before relaxing)
 .debug_str     0x000000000008f8a3      0x2da ./Drivers/STM32F0xx_HAL_Driver/Src/stm32f0xx_hal_rcc_ex.o
                                      0x8aec9 (size before relaxing)
 .debug_str     0x000000000008fb7d      0x8c1 ./Drivers/STM32F0xx_HAL_Driver/Src/stm32f0xx_hal_uart.o
                                      0x8b82e (size before relaxing)

.debug_frame    0x0000000000000000     0x16e4
 .debug_frame   0x0000000000000000      0x380 ./Core/Src/main.o
 .debug_frame   0x0000000000000380       0x70 ./Core/Src/stm32f0xx_hal_msp.o
 .debug_frame   0x00000000000003f0       0x80 ./Core/Src/stm32f0xx_it.o
 .debug_frame   0x0000000000000470       0x4c ./Core/Src/system_stm32f0xx.o
 .debug_frame   0x00000000000004bc      0x2a4 ./Drivers/STM32F0xx_HAL_Driver/Src/stm32f0xx_hal.o
 .debug_frame   0x0000000000000760      0x2a0 ./Drivers/STM32F0xx_HAL_Driver/Src/stm32f0xx_hal_cortex.o
 .debug_frame   0x0000000000000a00      0x110 ./Drivers/STM32F0xx_HAL_Driver/Src/stm32f0xx_hal_gpio.o
 .debug_frame   0x0000000000000b10      0x198 ./Drivers/STM32F0xx_HAL_Driver/Src/stm32f0xx_hal_rcc.o
 .debug_frame   0x0000000000000ca8      0x180 ./Drivers/STM32F0xx_HAL_Driver/Src/stm32f0xx_hal_rcc_ex.o
 .debug_frame   0x0000000000000e28      0x850 ./Drivers/STM32F0xx_HAL_Driver/Src/stm32f0xx_hal_uart.o
 .debug_frame   0x0000000000001678       0x20 C:/ST/STM32CubeIDE_1.14.1/STM32CubeIDE/plugins/com.st.stm32cube.ide.mcu.externaltools.gnu-tools-for-stm32.11.3.rel1.win32_1.1.100.202309141235/tools/bin/../lib/gcc/arm-none-eabi/11.3.1/../../../../arm-none-eabi/lib/thumb/v6-m/nofp\libc_nano.a(libc_a-memset.o)
 .debug_frame   0x0000000000001698       0x2c C:/ST/STM32CubeIDE_1.14.1/STM32CubeIDE/plugins/com.st.stm32cube.ide.mcu.externaltools.gnu-tools-for-stm32.11.3.rel1.win32_1.1.100.202309141235/tools/bin/../lib/gcc/arm-none-eabi/11.3.1/../../../../arm-none-eabi/lib/thumb/v6-m/nofp\libc_nano.a(libc_a-init.o)
 .debug_frame   0x00000000000016c4       0x20 C:/ST/STM32CubeIDE_1.14.1/STM32CubeIDE/plugins/com.st.stm32cube.ide.mcu.externaltools.gnu-tools-for-stm32.11.3.rel1.win32_1.1.100.202309141235/tools/bin/../lib/gcc/arm-none-eabi/11.3.1/thumb/v6-m/nofp\libgcc.a(_udivsi3.o)

.debug_line_str
                0x0000000000000000       0x85
 .debug_line_str
                0x0000000000000000       0x85 ./Core/Startup/startup_stm32f072rbtx.o
                                         0x9d (size before relaxing)
